   1 2 3 4 5 6 7 8 9
____________________
1| 0 4 0 0 0 0 0 8 0
2| 4 0 0 0 0 0 0 0 0
3| 0 0 0 7 0 4 0 0 2
4| 0 0 7 0 9 0 0 0 0
5| 0 0 0 9 0 0 0 0 0
6| 0 0 4 0 0 0 2 0 0
7| 0 0 0 0 0 2 0 1 0
8| 8 0 0 0 0 0 1 0 0
9| 0 0 2 0 0 0 0 0 0
